../Core/Src/main.c:96:7:get_C6	16	static
../Core/Src/main.c:101:7:get_E6	16	static
../Core/Src/main.c:106:7:get_G6	16	static
../Core/Src/main.c:111:6:get_A6	16	static
../Core/Src/main.c:117:6:get_B6	16	static
../Core/Src/main.c:122:6:get_B5	16	static
../Core/Src/main.c:135:5:main	8	static
../Core/Src/main.c:211:6:SystemClock_Config	96	static
../Core/Src/main.c:262:13:MX_DAC1_Init	48	static
../Core/Src/main.c:305:13:MX_DFSDM1_Init	8	static
../Core/Src/main.c:358:13:MX_TIM2_Init	40	static
../Core/Src/main.c:401:13:MX_DMA_Init	16	static
../Core/Src/main.c:422:13:MX_GPIO_Init	48	static
../Core/Src/main.c:525:6:HAL_GPIO_EXTI_Callback	24	static
../Core/Src/main.c:597:6:HAL_DFSDM_FilterRegConvCpltCallback	40	static
../Core/Src/main.c:627:6:Error_Handler	4	static,ignoring_inline_asm
